
> my-v0-project@0.1.0 build C:\Users\yoges\OneDrive\Desktop\portfolio\HostelMessManagement
> next build

node.exe :  ΓÜá Invalid next.config.mjs options detected: 
At C:\Users\yoges\AppData\Roaming\npm\pnpm.ps1:24 char:5
+     & "node$exe"  "$basedir/node_modules/pnpm/bin/pnpm.cjs" $args
+     ~~~~~~~~~~~~~~~~~~~~~~~~~~~~~~~~~~~~~~~~~~~~~~~~~~~~~~~~~~~~~
    + CategoryInfo          : NotSpecified: ( ΓÜá Invalid ne...ions detected:  
   :String) [], RemoteException
    + FullyQualifiedErrorId : NativeCommandError
 
 ΓÜá     Unrecognized key(s) in object: 'outputFileTracing'
 ΓÜá See more info here: https://nextjs.org/docs/messages/invalid-next-config
   Γû▓ Next.js 15.2.4

   Creating an optimized production build ...
 Γ£ô Compiled successfully
   Skipping validation of types
   Skipping linting
   Collecting page data ...
   Generating static pages (0/61) ...
   Generating static pages (15/61) 
   Generating static pages (30/61) 
   Generating static pages (45/61) 
 Γ£ô Generating static pages (61/61)
   Finalizing page optimization ...
   Collecting build traces ...

Route (app)                                   Size  First Load JS
Γöî ╞Æ /                                        221 B         101 kB
Γö£ Γùï /_not-found                              990 B         102 kB
Γö£ ╞Æ /api/auth                                221 B         101 kB
Γö£ ╞Æ /api/auth/login                          221 B         101 kB
Γö£ ╞Æ /api/auth/register                       221 B         101 kB
Γö£ ╞Æ /api/backup                              221 B         101 kB
Γö£ ╞Æ /api/complaints                          221 B         101 kB
Γö£ ╞Æ /api/complaints/[id]                     221 B         101 kB
Γö£ ╞Æ /api/complaints/count                    221 B         101 kB
Γö£ ╞Æ /api/events                              221 B         101 kB
Γö£ ╞Æ /api/hostels                             221 B         101 kB
Γö£ ╞Æ /api/leave                               221 B         101 kB
Γö£ ╞Æ /api/leave-requests                      221 B         101 kB
Γö£ ╞Æ /api/leave-requests/[id]                 221 B         101 kB
Γö£ ╞Æ /api/mess/attendance                     221 B         101 kB
Γö£ ╞Æ /api/mess/feedback                       221 B         101 kB
Γö£ ╞Æ /api/mess/menu                           221 B         101 kB
Γö£ ╞Æ /api/mess/qr                             221 B         101 kB
Γö£ ╞Æ /api/notifications                       221 B         101 kB
Γö£ ╞Æ /api/notifications/[id]                  221 B         101 kB
Γö£ ╞Æ /api/preferences                         221 B         101 kB
Γö£ ╞Æ /api/upload                              221 B         101 kB
Γö£ ╞Æ /api/users                               221 B         101 kB
Γö£ ╞Æ /api/users/count                         221 B         101 kB
Γö£ ╞Æ /api/users/profile                       221 B         101 kB
Γö£ Γùï /dashboard                               40 kB         222 kB
Γö£ Γùï /dashboard/admin/analytics             10.9 kB         303 kB
Γö£ ╞Æ /dashboard/admin/backup                  221 B         101 kB
Γö£ Γùï /dashboard/admin/complaints            4.51 kB         186 kB
Γö£ ╞Æ /dashboard/admin/events                  221 B         101 kB
Γö£ Γùï /dashboard/admin/leave                 4.31 kB         185 kB
Γö£ Γùï /dashboard/admin/mess                  5.95 kB         186 kB
Γö£ Γùï /dashboard/admin/mess/qr               13.3 kB         200 kB
Γö£ Γùï /dashboard/admin/reports                3.3 kB         184 kB
Γö£ Γùï /dashboard/admin/settings              2.03 kB         111 kB
Γö£ Γùï /dashboard/admin/users                 2.51 kB         184 kB
Γö£ Γùï /dashboard/complaints                  2.47 kB         183 kB
Γö£ Γùï /dashboard/complaints/new              3.86 kB         193 kB
Γö£ Γùï /dashboard/events                        221 B         101 kB
Γö£ Γùï /dashboard/hostel                      3.08 kB         183 kB
Γö£ Γùï /dashboard/leave                       3.04 kB         183 kB
Γö£ Γùï /dashboard/leave/new                   3.43 kB         190 kB
Γö£ Γùï /dashboard/mess                        3.17 kB         183 kB
Γö£ Γùï /dashboard/mess/feedback                3.1 kB         190 kB
Γö£ Γùï /dashboard/mess/feedback/submit        3.02 kB         190 kB
Γö£ Γùï /dashboard/mess/menu                     500 B         104 kB
Γö£ Γùï /dashboard/mess/menu/manage            5.14 kB         192 kB
Γö£ Γùï /dashboard/mess/qr                     3.15 kB         183 kB
Γö£ Γùï /dashboard/mess/reports                2.61 kB         295 kB
Γö£ Γùï /dashboard/notifications               3.47 kB         184 kB
Γö£ Γùï /dashboard/profile                     4.67 kB         185 kB
Γö£ Γùï /dashboard/profile/preferences           221 B         101 kB
Γö£ Γùï /dashboard/settings                    3.04 kB         112 kB
Γö£ Γùï /dashboard/warden/complaints           5.37 kB         192 kB
Γö£ Γùï /dashboard/warden/emergency-alerts      7.3 kB         158 kB
Γö£ Γùï /dashboard/warden/leave                5.78 kB         193 kB
Γö£ Γùï /dashboard/warden/maintenance          6.64 kB         157 kB
Γö£ Γùï /dashboard/warden/mess                 4.57 kB         185 kB
Γö£ Γùï /dashboard/warden/reports              5.41 kB         192 kB
Γö£ Γùï /dashboard/warden/residents            5.37 kB         192 kB
Γö£ Γùï /dashboard/warden/student-performance  9.88 kB         161 kB
Γö£ Γùï /dashboard/warden/visitor-management   8.42 kB         159 kB
Γöö Γùï /login                                 34.9 kB         150 kB
+ First Load JS shared by all               101 kB
  Γö£ chunks/1684-b2aafe69995f14c3.js        45.8 kB
  Γö£ chunks/4bd1b696-a77ab4f269e80224.js    53.3 kB
  Γöö other shared chunks (total)            2.06 kB


╞Æ Middleware                               32.3 kB

Γùï  (Static)   prerendered as static content
╞Æ  (Dynamic)  server-rendered on demand

